Archive member included to satisfy reference by file (symbol)

/opt/gcc-arm-none-eabi-10.3-2021.10-x86_64-linux/bin/../lib/gcc/arm-none-eabi/10.3.1/thumb/v7e-m/nofp/libgcc.a(_arm_mulsf3.o)
                              CMakeFiles/template_stm32_cube.elf.dir/Core/Src/system_stm32h7xx.c.obj (__aeabi_fmul)
/opt/gcc-arm-none-eabi-10.3-2021.10-x86_64-linux/bin/../lib/gcc/arm-none-eabi/10.3.1/thumb/v7e-m/nofp/libgcc.a(_arm_addsubsf3.o)
                              CMakeFiles/template_stm32_cube.elf.dir/Core/Src/system_stm32h7xx.c.obj (__aeabi_fadd)
/opt/gcc-arm-none-eabi-10.3-2021.10-x86_64-linux/bin/../lib/gcc/arm-none-eabi/10.3.1/thumb/v7e-m/nofp/libgcc.a(_arm_muldivsf3.o)
                              CMakeFiles/template_stm32_cube.elf.dir/Core/Src/system_stm32h7xx.c.obj (__aeabi_fdiv)
/opt/gcc-arm-none-eabi-10.3-2021.10-x86_64-linux/bin/../lib/gcc/arm-none-eabi/10.3.1/thumb/v7e-m/nofp/libgcc.a(_arm_fixunssfsi.o)
                              CMakeFiles/template_stm32_cube.elf.dir/Core/Src/system_stm32h7xx.c.obj (__aeabi_f2uiz)
/opt/gcc-arm-none-eabi-10.3-2021.10-x86_64-linux/bin/../lib/gcc/arm-none-eabi/10.3.1/../../../../arm-none-eabi/lib/thumb/v7e-m/nofp/libg.a(lib_a-errno.o)
                              CMakeFiles/template_stm32_cube.elf.dir/Core/Src/syscalls.c.obj (__errno)
/opt/gcc-arm-none-eabi-10.3-2021.10-x86_64-linux/bin/../lib/gcc/arm-none-eabi/10.3.1/../../../../arm-none-eabi/lib/thumb/v7e-m/nofp/libg.a(lib_a-exit.o)
                              /opt/gcc-arm-none-eabi-10.3-2021.10-x86_64-linux/bin/../lib/gcc/arm-none-eabi/10.3.1/../../../../arm-none-eabi/lib/thumb/v7e-m/nofp/crt0.o (exit)
/opt/gcc-arm-none-eabi-10.3-2021.10-x86_64-linux/bin/../lib/gcc/arm-none-eabi/10.3.1/../../../../arm-none-eabi/lib/thumb/v7e-m/nofp/libg.a(lib_a-impure.o)
                              /opt/gcc-arm-none-eabi-10.3-2021.10-x86_64-linux/bin/../lib/gcc/arm-none-eabi/10.3.1/../../../../arm-none-eabi/lib/thumb/v7e-m/nofp/libg.a(lib_a-exit.o) (_global_impure_ptr)
/opt/gcc-arm-none-eabi-10.3-2021.10-x86_64-linux/bin/../lib/gcc/arm-none-eabi/10.3.1/../../../../arm-none-eabi/lib/thumb/v7e-m/nofp/libg.a(lib_a-init.o)
                              /opt/gcc-arm-none-eabi-10.3-2021.10-x86_64-linux/bin/../lib/gcc/arm-none-eabi/10.3.1/../../../../arm-none-eabi/lib/thumb/v7e-m/nofp/crt0.o (__libc_init_array)
/opt/gcc-arm-none-eabi-10.3-2021.10-x86_64-linux/bin/../lib/gcc/arm-none-eabi/10.3.1/../../../../arm-none-eabi/lib/thumb/v7e-m/nofp/libg.a(lib_a-memset.o)
                              /opt/gcc-arm-none-eabi-10.3-2021.10-x86_64-linux/bin/../lib/gcc/arm-none-eabi/10.3.1/../../../../arm-none-eabi/lib/thumb/v7e-m/nofp/crt0.o (memset)
/opt/gcc-arm-none-eabi-10.3-2021.10-x86_64-linux/bin/../lib/gcc/arm-none-eabi/10.3.1/../../../../arm-none-eabi/lib/thumb/v7e-m/nofp/libg.a(lib_a-__call_atexit.o)
                              /opt/gcc-arm-none-eabi-10.3-2021.10-x86_64-linux/bin/../lib/gcc/arm-none-eabi/10.3.1/../../../../arm-none-eabi/lib/thumb/v7e-m/nofp/libg.a(lib_a-exit.o) (__call_exitprocs)
/opt/gcc-arm-none-eabi-10.3-2021.10-x86_64-linux/bin/../lib/gcc/arm-none-eabi/10.3.1/../../../../arm-none-eabi/lib/thumb/v7e-m/nofp/libg.a(lib_a-atexit.o)
                              /opt/gcc-arm-none-eabi-10.3-2021.10-x86_64-linux/bin/../lib/gcc/arm-none-eabi/10.3.1/../../../../arm-none-eabi/lib/thumb/v7e-m/nofp/libg.a(lib_a-__call_atexit.o) (atexit)
/opt/gcc-arm-none-eabi-10.3-2021.10-x86_64-linux/bin/../lib/gcc/arm-none-eabi/10.3.1/../../../../arm-none-eabi/lib/thumb/v7e-m/nofp/libg.a(lib_a-fini.o)
                              /opt/gcc-arm-none-eabi-10.3-2021.10-x86_64-linux/bin/../lib/gcc/arm-none-eabi/10.3.1/../../../../arm-none-eabi/lib/thumb/v7e-m/nofp/libg.a(lib_a-__call_atexit.o) (__libc_fini_array)
/opt/gcc-arm-none-eabi-10.3-2021.10-x86_64-linux/bin/../lib/gcc/arm-none-eabi/10.3.1/../../../../arm-none-eabi/lib/thumb/v7e-m/nofp/libg.a(lib_a-lock.o)
                              /opt/gcc-arm-none-eabi-10.3-2021.10-x86_64-linux/bin/../lib/gcc/arm-none-eabi/10.3.1/../../../../arm-none-eabi/lib/thumb/v7e-m/nofp/libg.a(lib_a-__call_atexit.o) (__retarget_lock_acquire_recursive)
/opt/gcc-arm-none-eabi-10.3-2021.10-x86_64-linux/bin/../lib/gcc/arm-none-eabi/10.3.1/../../../../arm-none-eabi/lib/thumb/v7e-m/nofp/libg.a(lib_a-__atexit.o)
                              /opt/gcc-arm-none-eabi-10.3-2021.10-x86_64-linux/bin/../lib/gcc/arm-none-eabi/10.3.1/../../../../arm-none-eabi/lib/thumb/v7e-m/nofp/libg.a(lib_a-atexit.o) (__register_exitproc)

Discarded input sections

 .text          0x0000000000000000        0x0 /opt/gcc-arm-none-eabi-10.3-2021.10-x86_64-linux/bin/../lib/gcc/arm-none-eabi/10.3.1/thumb/v7e-m/nofp/crti.o
 .data          0x0000000000000000        0x0 /opt/gcc-arm-none-eabi-10.3-2021.10-x86_64-linux/bin/../lib/gcc/arm-none-eabi/10.3.1/thumb/v7e-m/nofp/crti.o
 .bss           0x0000000000000000        0x0 /opt/gcc-arm-none-eabi-10.3-2021.10-x86_64-linux/bin/../lib/gcc/arm-none-eabi/10.3.1/thumb/v7e-m/nofp/crti.o
[...]
Memory Configuration

Name             Origin             Length             Attributes
FLASH            0x0000000008000000 0x0000000000200000 xr
DTCMRAM          0x0000000020000000 0x0000000000020000 xrw
RAM_D1           0x0000000024000000 0x0000000000080000 xrw
RAM_D2           0x0000000030000000 0x0000000000048000 xrw
RAM_D3           0x0000000038000000 0x0000000000010000 xrw
ITCMRAM          0x0000000000000000 0x0000000000010000 xrw
*default*        0x0000000000000000 0xffffffffffffffff

Linker script and memory map

LOAD /opt/gcc-arm-none-eabi-10.3-2021.10-x86_64-linux/bin/../lib/gcc/arm-none-eabi/10.3.1/thumb/v7e-m/nofp/crti.o
LOAD /opt/gcc-arm-none-eabi-10.3-2021.10-x86_64-linux/bin/../lib/gcc/arm-none-eabi/10.3.1/thumb/v7e-m/nofp/crtbegin.o
LOAD /opt/gcc-arm-none-eabi-10.3-2021.10-x86_64-linux/bin/../lib/gcc/arm-none-eabi/10.3.1/../../../../arm-none-eabi/lib/thumb/v7e-m/nofp/crt0.o
LOAD CMakeFiles/template_stm32_cube.elf.dir/Core/Src/gpio.c.obj
LOAD CMakeFiles/template_stm32_cube.elf.dir/Core/Src/main.c.obj
LOAD CMakeFiles/template_stm32_cube.elf.dir/Core/Src/stm32h7xx_hal_msp.c.obj
LOAD CMakeFiles/template_stm32_cube.elf.dir/Core/Src/stm32h7xx_it.c.obj
LOAD CMakeFiles/template_stm32_cube.elf.dir/Core/Src/syscalls.c.obj
LOAD CMakeFiles/template_stm32_cube.elf.dir/Core/Src/sysmem.c.obj
LOAD CMakeFiles/template_stm32_cube.elf.dir/Core/Src/system_stm32h7xx.c.obj
LOAD CMakeFiles/template_stm32_cube.elf.dir/Core/Startup/startup_stm32h743vitx.s.obj
LOAD CMakeFiles/template_stm32_cube.elf.dir/Drivers/STM32H7xx_HAL_Driver/Src/stm32h7xx_hal.c.obj
LOAD CMakeFiles/template_stm32_cube.elf.dir/Drivers/STM32H7xx_HAL_Driver/Src/stm32h7xx_hal_cortex.c.obj
LOAD CMakeFiles/template_stm32_cube.elf.dir/Drivers/STM32H7xx_HAL_Driver/Src/stm32h7xx_hal_dma.c.obj
LOAD CMakeFiles/template_stm32_cube.elf.dir/Drivers/STM32H7xx_HAL_Driver/Src/stm32h7xx_hal_dma_ex.c.obj
LOAD CMakeFiles/template_stm32_cube.elf.dir/Drivers/STM32H7xx_HAL_Driver/Src/stm32h7xx_hal_exti.c.obj
LOAD CMakeFiles/template_stm32_cube.elf.dir/Drivers/STM32H7xx_HAL_Driver/Src/stm32h7xx_hal_flash.c.obj
LOAD CMakeFiles/template_stm32_cube.elf.dir/Drivers/STM32H7xx_HAL_Driver/Src/stm32h7xx_hal_flash_ex.c.obj
LOAD CMakeFiles/template_stm32_cube.elf.dir/Drivers/STM32H7xx_HAL_Driver/Src/stm32h7xx_hal_gpio.c.obj
LOAD CMakeFiles/template_stm32_cube.elf.dir/Drivers/STM32H7xx_HAL_Driver/Src/stm32h7xx_hal_hsem.c.obj
LOAD CMakeFiles/template_stm32_cube.elf.dir/Drivers/STM32H7xx_HAL_Driver/Src/stm32h7xx_hal_i2c.c.obj
LOAD CMakeFiles/template_stm32_cube.elf.dir/Drivers/STM32H7xx_HAL_Driver/Src/stm32h7xx_hal_i2c_ex.c.obj
LOAD CMakeFiles/template_stm32_cube.elf.dir/Drivers/STM32H7xx_HAL_Driver/Src/stm32h7xx_hal_mdma.c.obj
LOAD CMakeFiles/template_stm32_cube.elf.dir/Drivers/STM32H7xx_HAL_Driver/Src/stm32h7xx_hal_pwr.c.obj
LOAD CMakeFiles/template_stm32_cube.elf.dir/Drivers/STM32H7xx_HAL_Driver/Src/stm32h7xx_hal_pwr_ex.c.obj
LOAD CMakeFiles/template_stm32_cube.elf.dir/Drivers/STM32H7xx_HAL_Driver/Src/stm32h7xx_hal_rcc.c.obj
LOAD CMakeFiles/template_stm32_cube.elf.dir/Drivers/STM32H7xx_HAL_Driver/Src/stm32h7xx_hal_rcc_ex.c.obj
LOAD CMakeFiles/template_stm32_cube.elf.dir/Drivers/STM32H7xx_HAL_Driver/Src/stm32h7xx_hal_tim.c.obj
LOAD CMakeFiles/template_stm32_cube.elf.dir/Drivers/STM32H7xx_HAL_Driver/Src/stm32h7xx_hal_tim_ex.c.obj
START GROUP
LOAD /opt/gcc-arm-none-eabi-10.3-2021.10-x86_64-linux/bin/../lib/gcc/arm-none-eabi/10.3.1/thumb/v7e-m/nofp/libgcc.a
LOAD /opt/gcc-arm-none-eabi-10.3-2021.10-x86_64-linux/bin/../lib/gcc/arm-none-eabi/10.3.1/../../../../arm-none-eabi/lib/thumb/v7e-m/nofp/libg.a
LOAD /opt/gcc-arm-none-eabi-10.3-2021.10-x86_64-linux/bin/../lib/gcc/arm-none-eabi/10.3.1/../../../../arm-none-eabi/lib/thumb/v7e-m/nofp/libc.a
END GROUP
LOAD /opt/gcc-arm-none-eabi-10.3-2021.10-x86_64-linux/bin/../lib/gcc/arm-none-eabi/10.3.1/thumb/v7e-m/nofp/crtend.o
LOAD /opt/gcc-arm-none-eabi-10.3-2021.10-x86_64-linux/bin/../lib/gcc/arm-none-eabi/10.3.1/thumb/v7e-m/nofp/crtn.o
                0x0000000024080000                _estack = (ORIGIN (RAM_D1) + LENGTH (RAM_D1))
                0x0000000000000200                _Min_Heap_Size = 0x200
                0x0000000000000400                _Min_Stack_Size = 0x400

.isr_vector     0x0000000008000000      0x298
                0x0000000008000000                . = ALIGN (0x4)
 *(.isr_vector)
 .isr_vector    0x0000000008000000      0x298 CMakeFiles/template_stm32_cube.elf.dir/Core/Startup/startup_stm32h743vitx.s.obj
                0x0000000008000000                g_pfnVectors
                0x0000000008000298                . = ALIGN (0x4)

.text           0x0000000008000298     0x19b4
                0x0000000008000298                . = ALIGN (0x4)
 *(.text)
 .text          0x0000000008000298       0x40 /opt/gcc-arm-none-eabi-10.3-2021.10-x86_64-linux/bin/../lib/gcc/arm-none-eabi/10.3.1/thumb/v7e-m/nofp/crtbegin.o
 .text          0x00000000080002d8      0x21c /opt/gcc-arm-none-eabi-10.3-2021.10-x86_64-linux/bin/../lib/gcc/arm-none-eabi/10.3.1/thumb/v7e-m/nofp/libgcc.a(_arm_addsubsf3.o)
                0x00000000080002d8                __aeabi_frsub
                0x00000000080002e0                __subsf3
                0x00000000080002e0                __aeabi_fsub
                0x00000000080002e4                __aeabi_fadd
                0x00000000080002e4                __addsf3
                0x0000000008000444                __aeabi_ui2f
                0x0000000008000444                __floatunsisf
                0x000000000800044c                __aeabi_i2f
                0x000000000800044c                __floatsisf
                0x0000000008000468                __floatundisf
                0x0000000008000468                __aeabi_ul2f
                0x0000000008000478                __floatdisf
                0x0000000008000478                __aeabi_l2f
 .text          0x00000000080004f4      0x2a0 /opt/gcc-arm-none-eabi-10.3-2021.10-x86_64-linux/bin/../lib/gcc/arm-none-eabi/10.3.1/thumb/v7e-m/nofp/libgcc.a(_arm_muldivsf3.o)
                0x00000000080004f4                __mulsf3
                0x00000000080004f4                __aeabi_fmul
                0x000000000800065c                __divsf3
                0x000000000800065c                __aeabi_fdiv
 .text          0x0000000008000794       0x40 /opt/gcc-arm-none-eabi-10.3-2021.10-x86_64-linux/bin/../lib/gcc/arm-none-eabi/10.3.1/thumb/v7e-m/nofp/libgcc.a(_arm_fixunssfsi.o)
                0x0000000008000794                __aeabi_f2uiz
                0x0000000008000794                __fixunssfsi
 *(.text*)
 .text.MX_GPIO_Init
                0x00000000080007d4       0x88 CMakeFiles/template_stm32_cube.elf.dir/Core/Src/gpio.c.obj
                0x00000000080007d4                MX_GPIO_Init
 .text.Error_Handler
                0x000000000800085c        0x4 CMakeFiles/template_stm32_cube.elf.dir/Core/Src/main.c.obj
                0x000000000800085c                Error_Handler
 .text.SystemClock_Config
                0x0000000008000860       0xa4 CMakeFiles/template_stm32_cube.elf.dir/Core/Src/main.c.obj
                0x0000000008000860                SystemClock_Config
 .text.main     0x0000000008000904       0x38 CMakeFiles/template_stm32_cube.elf.dir/Core/Src/main.c.obj
                0x0000000008000904                main
 .text.HAL_MspInit
                0x000000000800093c       0x24 CMakeFiles/template_stm32_cube.elf.dir/Core/Src/stm32h7xx_hal_msp.c.obj
                0x000000000800093c                HAL_MspInit
 .text.NMI_Handler
                0x0000000008000960        0x8 CMakeFiles/template_stm32_cube.elf.dir/Core/Src/stm32h7xx_it.c.obj
                0x0000000008000960                NMI_Handler
 .text.HardFault_Handler
                0x0000000008000968        0x2 CMakeFiles/template_stm32_cube.elf.dir/Core/Src/stm32h7xx_it.c.obj
                0x0000000008000968                HardFault_Handler
 .text.MemManage_Handler
                0x000000000800096a        0x2 CMakeFiles/template_stm32_cube.elf.dir/Core/Src/stm32h7xx_it.c.obj
                0x000000000800096a                MemManage_Handler
 .text.BusFault_Handler
                0x000000000800096c        0x2 CMakeFiles/template_stm32_cube.elf.dir/Core/Src/stm32h7xx_it.c.obj
                0x000000000800096c                BusFault_Handler
 .text.UsageFault_Handler
                0x000000000800096e        0x2 CMakeFiles/template_stm32_cube.elf.dir/Core/Src/stm32h7xx_it.c.obj
                0x000000000800096e                UsageFault_Handler
 .text.SVC_Handler
                0x0000000008000970        0x2 CMakeFiles/template_stm32_cube.elf.dir/Core/Src/stm32h7xx_it.c.obj
                0x0000000008000970                SVC_Handler
 .text.DebugMon_Handler
                0x0000000008000972        0x2 CMakeFiles/template_stm32_cube.elf.dir/Core/Src/stm32h7xx_it.c.obj
                0x0000000008000972                DebugMon_Handler
 .text.PendSV_Handler
                0x0000000008000974        0x2 CMakeFiles/template_stm32_cube.elf.dir/Core/Src/stm32h7xx_it.c.obj
                0x0000000008000974                PendSV_Handler
 .text.SysTick_Handler
                0x0000000008000976        0x8 CMakeFiles/template_stm32_cube.elf.dir/Core/Src/stm32h7xx_it.c.obj
                0x0000000008000976                SysTick_Handler
 *fill*         0x000000000800097e        0x2 
 .text.SystemInit
                0x0000000008000980       0xbc CMakeFiles/template_stm32_cube.elf.dir/Core/Src/system_stm32h7xx.c.obj
                0x0000000008000980                SystemInit
 .text.Reset_Handler
                0x0000000008000a3c       0x50 CMakeFiles/template_stm32_cube.elf.dir/Core/Startup/startup_stm32h743vitx.s.obj
                0x0000000008000a3c                Reset_Handler
 .text.Default_Handler
                0x0000000008000a8c        0x2 CMakeFiles/template_stm32_cube.elf.dir/Core/Startup/startup_stm32h743vitx.s.obj
                0x0000000008000a8c                RTC_Alarm_IRQHandler
                0x0000000008000a8c                EXTI2_IRQHandler
                0x0000000008000a8c                TIM8_CC_IRQHandler
                0x0000000008000a8c                HRTIM1_Master_IRQHandler
                0x0000000008000a8c                UART8_IRQHandler
                0x0000000008000a8c                SPI4_IRQHandler
                0x0000000008000a8c                TIM1_CC_IRQHandler
                0x0000000008000a8c                BDMA_Channel6_IRQHandler
                0x0000000008000a8c                DMA2_Stream5_IRQHandler
                0x0000000008000a8c                HRTIM1_FLT_IRQHandler
                0x0000000008000a8c                JPEG_IRQHandler
                0x0000000008000a8c                DMA1_Stream5_IRQHandler
                0x0000000008000a8c                BDMA_Channel1_IRQHandler
                0x0000000008000a8c                HRTIM1_TIMD_IRQHandler
                0x0000000008000a8c                TAMP_STAMP_IRQHandler
                0x0000000008000a8c                EXTI3_IRQHandler
                0x0000000008000a8c                LPTIM4_IRQHandler
                0x0000000008000a8c                TIM8_TRG_COM_TIM14_IRQHandler
                0x0000000008000a8c                LPTIM2_IRQHandler
                0x0000000008000a8c                DFSDM1_FLT1_IRQHandler
                0x0000000008000a8c                DMAMUX2_OVR_IRQHandler
                0x0000000008000a8c                TIM8_UP_TIM13_IRQHandler
                0x0000000008000a8c                I2C3_ER_IRQHandler
                0x0000000008000a8c                DFSDM1_FLT2_IRQHandler
                0x0000000008000a8c                MDMA_IRQHandler
                0x0000000008000a8c                LPTIM3_IRQHandler
                0x0000000008000a8c                HSEM1_IRQHandler
                0x0000000008000a8c                EXTI0_IRQHandler
                0x0000000008000a8c                I2C2_EV_IRQHandler
                0x0000000008000a8c                DMA1_Stream2_IRQHandler
                0x0000000008000a8c                FPU_IRQHandler
                0x0000000008000a8c                OTG_HS_WKUP_IRQHandler
                0x0000000008000a8c                FDCAN1_IT1_IRQHandler
                0x0000000008000a8c                LTDC_ER_IRQHandler
                0x0000000008000a8c                DMA2_Stream2_IRQHandler
                0x0000000008000a8c                HRTIM1_TIME_IRQHandler
                0x0000000008000a8c                SPI1_IRQHandler
                0x0000000008000a8c                TIM6_DAC_IRQHandler
                0x0000000008000a8c                DCMI_IRQHandler
                0x0000000008000a8c                HRTIM1_TIMC_IRQHandler
                0x0000000008000a8c                DMA2_Stream3_IRQHandler
                0x0000000008000a8c                SAI2_IRQHandler
                0x0000000008000a8c                DFSDM1_FLT3_IRQHandler
                0x0000000008000a8c                USART6_IRQHandler
                0x0000000008000a8c                TIM17_IRQHandler
                0x0000000008000a8c                USART3_IRQHandler
                0x0000000008000a8c                BDMA_Channel7_IRQHandler
                0x0000000008000a8c                LPTIM5_IRQHandler
                0x0000000008000a8c                UART5_IRQHandler
                0x0000000008000a8c                ADC3_IRQHandler
                0x0000000008000a8c                DMA2_Stream0_IRQHandler
                0x0000000008000a8c                TIM4_IRQHandler
                0x0000000008000a8c                BDMA_Channel2_IRQHandler
                0x0000000008000a8c                QUADSPI_IRQHandler
                0x0000000008000a8c                I2C1_EV_IRQHandler
                0x0000000008000a8c                DMA1_Stream6_IRQHandler
                0x0000000008000a8c                DMAMUX1_OVR_IRQHandler
                0x0000000008000a8c                DMA1_Stream1_IRQHandler
                0x0000000008000a8c                TIM16_IRQHandler
                0x0000000008000a8c                UART4_IRQHandler
                0x0000000008000a8c                BDMA_Channel5_IRQHandler
                0x0000000008000a8c                TIM3_IRQHandler
                0x0000000008000a8c                RCC_IRQHandler
                0x0000000008000a8c                TIM8_BRK_TIM12_IRQHandler
                0x0000000008000a8c                TIM1_TRG_COM_IRQHandler
                0x0000000008000a8c                Default_Handler
                0x0000000008000a8c                ECC_IRQHandler
                0x0000000008000a8c                CEC_IRQHandler
                0x0000000008000a8c                EXTI15_10_IRQHandler
                0x0000000008000a8c                BDMA_Channel0_IRQHandler
                0x0000000008000a8c                ADC_IRQHandler
                0x0000000008000a8c                DMA1_Stream7_IRQHandler
                0x0000000008000a8c                HRTIM1_TIMA_IRQHandler
                0x0000000008000a8c                SPI5_IRQHandler
                0x0000000008000a8c                TIM7_IRQHandler
                0x0000000008000a8c                SDMMC1_IRQHandler
                0x0000000008000a8c                TIM5_IRQHandler
                0x0000000008000a8c                DMA2_Stream7_IRQHandler
                0x0000000008000a8c                TIM15_IRQHandler
                0x0000000008000a8c                PVD_AVD_IRQHandler
                0x0000000008000a8c                I2C3_EV_IRQHandler
                0x0000000008000a8c                EXTI9_5_IRQHandler
                0x0000000008000a8c                RTC_WKUP_IRQHandler
                0x0000000008000a8c                LTDC_IRQHandler
                0x0000000008000a8c                SAI3_IRQHandler
                0x0000000008000a8c                ETH_WKUP_IRQHandler
                0x0000000008000a8c                SPDIF_RX_IRQHandler
                0x0000000008000a8c                SPI2_IRQHandler
                0x0000000008000a8c                OTG_HS_EP1_IN_IRQHandler
                0x0000000008000a8c                DMA1_Stream0_IRQHandler
                0x0000000008000a8c                CRS_IRQHandler
                0x0000000008000a8c                EXTI4_IRQHandler
                0x0000000008000a8c                RNG_IRQHandler
                0x0000000008000a8c                HRTIM1_TIMB_IRQHandler
                0x0000000008000a8c                FDCAN2_IT1_IRQHandler
                0x0000000008000a8c                ETH_IRQHandler
                0x0000000008000a8c                TIM1_UP_IRQHandler
                0x0000000008000a8c                BDMA_Channel4_IRQHandler
                0x0000000008000a8c                OTG_HS_EP1_OUT_IRQHandler
                0x0000000008000a8c                WWDG_IRQHandler
                0x0000000008000a8c                SPI6_IRQHandler
                0x0000000008000a8c                MDIOS_IRQHandler
                0x0000000008000a8c                I2C4_EV_IRQHandler
                0x0000000008000a8c                FDCAN2_IT0_IRQHandler
                0x0000000008000a8c                LPUART1_IRQHandler
                0x0000000008000a8c                FDCAN1_IT0_IRQHandler
                0x0000000008000a8c                TIM2_IRQHandler
                0x0000000008000a8c                OTG_FS_WKUP_IRQHandler
                0x0000000008000a8c                OTG_HS_IRQHandler
                0x0000000008000a8c                DMA2D_IRQHandler
                0x0000000008000a8c                TIM1_BRK_IRQHandler
                0x0000000008000a8c                EXTI1_IRQHandler
                0x0000000008000a8c                SDMMC2_IRQHandler
                0x0000000008000a8c                OTG_FS_EP1_OUT_IRQHandler
                0x0000000008000a8c                BDMA_Channel3_IRQHandler
                0x0000000008000a8c                UART7_IRQHandler
                0x0000000008000a8c                MDIOS_WKUP_IRQHandler
                0x0000000008000a8c                USART2_IRQHandler
                0x0000000008000a8c                DFSDM1_FLT0_IRQHandler
                0x0000000008000a8c                SAI4_IRQHandler
                0x0000000008000a8c                I2C2_ER_IRQHandler
                0x0000000008000a8c                DMA2_Stream1_IRQHandler
                0x0000000008000a8c                FLASH_IRQHandler
                0x0000000008000a8c                DMA2_Stream4_IRQHandler
                0x0000000008000a8c                USART1_IRQHandler
                0x0000000008000a8c                OTG_FS_IRQHandler
                0x0000000008000a8c                SPI3_IRQHandler
                0x0000000008000a8c                WAKEUP_PIN_IRQHandler
                0x0000000008000a8c                DMA1_Stream4_IRQHandler
                0x0000000008000a8c                OTG_FS_EP1_IN_IRQHandler
                0x0000000008000a8c                I2C1_ER_IRQHandler
                0x0000000008000a8c                FMC_IRQHandler
                0x0000000008000a8c                FDCAN_CAL_IRQHandler
                0x0000000008000a8c                SWPMI1_IRQHandler
                0x0000000008000a8c                COMP1_IRQHandler
                0x0000000008000a8c                LPTIM1_IRQHandler
                0x0000000008000a8c                I2C4_ER_IRQHandler
                0x0000000008000a8c                DMA2_Stream6_IRQHandler
                0x0000000008000a8c                SAI1_IRQHandler
                0x0000000008000a8c                DMA1_Stream3_IRQHandler
 *fill*         0x0000000008000a8e        0x2 
 .text.HAL_InitTick
                0x0000000008000a90       0x50 CMakeFiles/template_stm32_cube.elf.dir/Drivers/STM32H7xx_HAL_Driver/Src/stm32h7xx_hal.c.obj
                0x0000000008000a90                HAL_InitTick
 .text.HAL_Init
                0x0000000008000ae0       0x5c CMakeFiles/template_stm32_cube.elf.dir/Drivers/STM32H7xx_HAL_Driver/Src/stm32h7xx_hal.c.obj
                0x0000000008000ae0                HAL_Init
 .text.HAL_IncTick
                0x0000000008000b3c       0x18 CMakeFiles/template_stm32_cube.elf.dir/Drivers/STM32H7xx_HAL_Driver/Src/stm32h7xx_hal.c.obj
                0x0000000008000b3c                HAL_IncTick
 .text.HAL_GetTick
                0x0000000008000b54        0xc CMakeFiles/template_stm32_cube.elf.dir/Drivers/STM32H7xx_HAL_Driver/Src/stm32h7xx_hal.c.obj
                0x0000000008000b54                HAL_GetTick
 .text.HAL_Delay
                0x0000000008000b60       0x28 CMakeFiles/template_stm32_cube.elf.dir/Drivers/STM32H7xx_HAL_Driver/Src/stm32h7xx_hal.c.obj
                0x0000000008000b60                HAL_Delay
 .text.HAL_GetREVID
                0x0000000008000b88        0xc CMakeFiles/template_stm32_cube.elf.dir/Drivers/STM32H7xx_HAL_Driver/Src/stm32h7xx_hal.c.obj
                0x0000000008000b88                HAL_GetREVID
 .text.HAL_NVIC_SetPriorityGrouping
                0x0000000008000b94       0x24 CMakeFiles/template_stm32_cube.elf.dir/Drivers/STM32H7xx_HAL_Driver/Src/stm32h7xx_hal_cortex.c.obj
                0x0000000008000b94                HAL_NVIC_SetPriorityGrouping
 .text.HAL_NVIC_SetPriority
                0x0000000008000bb8       0x6c CMakeFiles/template_stm32_cube.elf.dir/Drivers/STM32H7xx_HAL_Driver/Src/stm32h7xx_hal_cortex.c.obj
                0x0000000008000bb8                HAL_NVIC_SetPriority
 .text.HAL_SYSTICK_Config
                0x0000000008000c24       0x28 CMakeFiles/template_stm32_cube.elf.dir/Drivers/STM32H7xx_HAL_Driver/Src/stm32h7xx_hal_cortex.c.obj
                0x0000000008000c24                HAL_SYSTICK_Config
 .text.HAL_GPIO_Init
                0x0000000008000c4c      0x228 CMakeFiles/template_stm32_cube.elf.dir/Drivers/STM32H7xx_HAL_Driver/Src/stm32h7xx_hal_gpio.c.obj
                0x0000000008000c4c                HAL_GPIO_Init
 .text.HAL_GPIO_WritePin
                0x0000000008000e74        0xc CMakeFiles/template_stm32_cube.elf.dir/Drivers/STM32H7xx_HAL_Driver/Src/stm32h7xx_hal_gpio.c.obj
                0x0000000008000e74                HAL_GPIO_WritePin
 .text.HAL_PWREx_ConfigSupply
                0x0000000008000e80       0x54 CMakeFiles/template_stm32_cube.elf.dir/Drivers/STM32H7xx_HAL_Driver/Src/stm32h7xx_hal_pwr_ex.c.obj
                0x0000000008000e80                HAL_PWREx_ConfigSupply
 .text.HAL_RCC_OscConfig
                0x0000000008000ed4      0x6b4 CMakeFiles/template_stm32_cube.elf.dir/Drivers/STM32H7xx_HAL_Driver/Src/stm32h7xx_hal_rcc.c.obj
                0x0000000008000ed4                HAL_RCC_OscConfig
 .text.HAL_RCC_EnableCSS
                0x0000000008001588       0x10 CMakeFiles/template_stm32_cube.elf.dir/Drivers/STM32H7xx_HAL_Driver/Src/stm32h7xx_hal_rcc.c.obj
                0x0000000008001588                HAL_RCC_EnableCSS
 .text.HAL_RCC_GetSysClockFreq
                0x0000000008001598      0x218 CMakeFiles/template_stm32_cube.elf.dir/Drivers/STM32H7xx_HAL_Driver/Src/stm32h7xx_hal_rcc.c.obj
                0x0000000008001598                HAL_RCC_GetSysClockFreq
 .text.HAL_RCC_ClockConfig
                0x00000000080017b0      0x294 CMakeFiles/template_stm32_cube.elf.dir/Drivers/STM32H7xx_HAL_Driver/Src/stm32h7xx_hal_rcc.c.obj
                0x00000000080017b0                HAL_RCC_ClockConfig
 .text.HAL_RCC_CSSCallback
                0x0000000008001a44        0x2 CMakeFiles/template_stm32_cube.elf.dir/Drivers/STM32H7xx_HAL_Driver/Src/stm32h7xx_hal_rcc.c.obj
                0x0000000008001a44                HAL_RCC_CSSCallback
 *fill*         0x0000000008001a46        0x2 
 .text.HAL_RCC_NMI_IRQHandler
                0x0000000008001a48       0x20 CMakeFiles/template_stm32_cube.elf.dir/Drivers/STM32H7xx_HAL_Driver/Src/stm32h7xx_hal_rcc.c.obj
                0x0000000008001a48                HAL_RCC_NMI_IRQHandler
 .text.__libc_init_array
                0x0000000008001a68       0x48 /opt/gcc-arm-none-eabi-10.3-2021.10-x86_64-linux/bin/../lib/gcc/arm-none-eabi/10.3.1/../../../../arm-none-eabi/lib/thumb/v7e-m/nofp/libg.a(lib_a-init.o)
                0x0000000008001a68                __libc_init_array
 .text.memset   0x0000000008001ab0       0xa4 /opt/gcc-arm-none-eabi-10.3-2021.10-x86_64-linux/bin/../lib/gcc/arm-none-eabi/10.3.1/../../../../arm-none-eabi/lib/thumb/v7e-m/nofp/libg.a(lib_a-memset.o)
                0x0000000008001ab0                memset
 .text.startup.register_fini
                0x0000000008001b54       0x14 /opt/gcc-arm-none-eabi-10.3-2021.10-x86_64-linux/bin/../lib/gcc/arm-none-eabi/10.3.1/../../../../arm-none-eabi/lib/thumb/v7e-m/nofp/libg.a(lib_a-__call_atexit.o)
 .text.atexit   0x0000000008001b68        0xc /opt/gcc-arm-none-eabi-10.3-2021.10-x86_64-linux/bin/../lib/gcc/arm-none-eabi/10.3.1/../../../../arm-none-eabi/lib/thumb/v7e-m/nofp/libg.a(lib_a-atexit.o)
                0x0000000008001b68                atexit
 .text.__libc_fini_array
                0x0000000008001b74       0x2c /opt/gcc-arm-none-eabi-10.3-2021.10-x86_64-linux/bin/../lib/gcc/arm-none-eabi/10.3.1/../../../../arm-none-eabi/lib/thumb/v7e-m/nofp/libg.a(lib_a-fini.o)
                0x0000000008001b74                __libc_fini_array
 .text.__retarget_lock_acquire_recursive
                0x0000000008001ba0        0x4 /opt/gcc-arm-none-eabi-10.3-2021.10-x86_64-linux/bin/../lib/gcc/arm-none-eabi/10.3.1/../../../../arm-none-eabi/lib/thumb/v7e-m/nofp/libg.a(lib_a-lock.o)
                0x0000000008001ba0                __retarget_lock_acquire_recursive
 .text.__retarget_lock_release_recursive
                0x0000000008001ba4        0x4 /opt/gcc-arm-none-eabi-10.3-2021.10-x86_64-linux/bin/../lib/gcc/arm-none-eabi/10.3.1/../../../../arm-none-eabi/lib/thumb/v7e-m/nofp/libg.a(lib_a-lock.o)
                0x0000000008001ba4                __retarget_lock_release_recursive
 .text.__register_exitproc
                0x0000000008001ba8       0x8c /opt/gcc-arm-none-eabi-10.3-2021.10-x86_64-linux/bin/../lib/gcc/arm-none-eabi/10.3.1/../../../../arm-none-eabi/lib/thumb/v7e-m/nofp/libg.a(lib_a-__atexit.o)
                0x0000000008001ba8                __register_exitproc
 *(.glue_7)
 .glue_7        0x0000000008001c34        0x0 linker stubs
 *(.glue_7t)
 .glue_7t       0x0000000008001c34        0x0 linker stubs
 *(.eh_frame)
 .eh_frame      0x0000000008001c34        0x0 /opt/gcc-arm-none-eabi-10.3-2021.10-x86_64-linux/bin/../lib/gcc/arm-none-eabi/10.3.1/thumb/v7e-m/nofp/crtbegin.o
 *(.init)
 .init          0x0000000008001c34        0x4 /opt/gcc-arm-none-eabi-10.3-2021.10-x86_64-linux/bin/../lib/gcc/arm-none-eabi/10.3.1/thumb/v7e-m/nofp/crti.o
                0x0000000008001c34                _init
 .init          0x0000000008001c38        0x8 /opt/gcc-arm-none-eabi-10.3-2021.10-x86_64-linux/bin/../lib/gcc/arm-none-eabi/10.3.1/thumb/v7e-m/nofp/crtn.o
 *(.fini)
 .fini          0x0000000008001c40        0x4 /opt/gcc-arm-none-eabi-10.3-2021.10-x86_64-linux/bin/../lib/gcc/arm-none-eabi/10.3.1/thumb/v7e-m/nofp/crti.o
                0x0000000008001c40                _fini
 .fini          0x0000000008001c44        0x8 /opt/gcc-arm-none-eabi-10.3-2021.10-x86_64-linux/bin/../lib/gcc/arm-none-eabi/10.3.1/thumb/v7e-m/nofp/crtn.o
                0x0000000008001c4c                . = ALIGN (0x4)
                0x0000000008001c4c                _etext = .

.vfp11_veneer   0x0000000008001c4c        0x0
 .vfp11_veneer  0x0000000008001c4c        0x0 linker stubs

.v4_bx          0x0000000008001c4c        0x0
 .v4_bx         0x0000000008001c4c        0x0 linker stubs

.iplt           0x0000000008001c4c        0x0
 .iplt          0x0000000008001c4c        0x0 /opt/gcc-arm-none-eabi-10.3-2021.10-x86_64-linux/bin/../lib/gcc/arm-none-eabi/10.3.1/thumb/v7e-m/nofp/crtbegin.o

.rodata         0x0000000008001c4c       0x14
                0x0000000008001c4c                . = ALIGN (0x4)
 *(.rodata)
 *(.rodata*)
 .rodata.D1CorePrescTable
                0x0000000008001c4c       0x10 CMakeFiles/template_stm32_cube.elf.dir/Core/Src/system_stm32h7xx.c.obj
                0x0000000008001c4c                D1CorePrescTable
 .rodata._global_impure_ptr
                0x0000000008001c5c        0x4 /opt/gcc-arm-none-eabi-10.3-2021.10-x86_64-linux/bin/../lib/gcc/arm-none-eabi/10.3.1/../../../../arm-none-eabi/lib/thumb/v7e-m/nofp/libg.a(lib_a-impure.o)
                0x0000000008001c5c                _global_impure_ptr
                0x0000000008001c60                . = ALIGN (0x4)

.rel.dyn        0x0000000008001c60        0x0
 .rel.iplt      0x0000000008001c60        0x0 /opt/gcc-arm-none-eabi-10.3-2021.10-x86_64-linux/bin/../lib/gcc/arm-none-eabi/10.3.1/thumb/v7e-m/nofp/crtbegin.o

.ARM.extab
 *(.ARM.extab* .gnu.linkonce.armextab.*)

.ARM            0x0000000008001c60        0x0
                0x0000000008001c60                __exidx_start = .
 *(.ARM.exidx*)
                0x0000000008001c60                __exidx_end = .

.preinit_array  0x0000000008001c60        0x0
                0x0000000008001c60                PROVIDE (__preinit_array_start = .)
 *(.preinit_array*)
                0x0000000008001c60                PROVIDE (__preinit_array_end = .)

.init_array     0x0000000008001c60        0x8
                0x0000000008001c60                PROVIDE (__init_array_start = .)
 *(SORT_BY_NAME(.init_array.*))
 .init_array.00000
                0x0000000008001c60        0x4 /opt/gcc-arm-none-eabi-10.3-2021.10-x86_64-linux/bin/../lib/gcc/arm-none-eabi/10.3.1/../../../../arm-none-eabi/lib/thumb/v7e-m/nofp/libg.a(lib_a-__call_atexit.o)
 *(.init_array*)
 .init_array    0x0000000008001c64        0x4 /opt/gcc-arm-none-eabi-10.3-2021.10-x86_64-linux/bin/../lib/gcc/arm-none-eabi/10.3.1/thumb/v7e-m/nofp/crtbegin.o
                0x0000000008001c68                PROVIDE (__init_array_end = .)

.fini_array     0x0000000008001c68        0x4
                0x0000000008001c68                PROVIDE (__fini_array_start = .)
 *(SORT_BY_NAME(.fini_array.*))
 *(.fini_array*)
 .fini_array    0x0000000008001c68        0x4 /opt/gcc-arm-none-eabi-10.3-2021.10-x86_64-linux/bin/../lib/gcc/arm-none-eabi/10.3.1/thumb/v7e-m/nofp/crtbegin.o
                0x0000000008001c6c                PROVIDE (__fini_array_end = .)
                0x0000000008001c6c                _sidata = LOADADDR (.data)

.data           0x0000000024000000      0x43c load address 0x0000000008001c6c
                0x0000000024000000                . = ALIGN (0x4)
                0x0000000024000000                _sdata = .
 *(.data)
 *(.data*)
 .data.SystemCoreClock
                0x0000000024000000        0x4 CMakeFiles/template_stm32_cube.elf.dir/Core/Src/system_stm32h7xx.c.obj
                0x0000000024000000                SystemCoreClock
 .data.SystemD2Clock
                0x0000000024000004        0x4 CMakeFiles/template_stm32_cube.elf.dir/Core/Src/system_stm32h7xx.c.obj
                0x0000000024000004                SystemD2Clock
 .data.uwTickFreq
                0x0000000024000008        0x1 CMakeFiles/template_stm32_cube.elf.dir/Drivers/STM32H7xx_HAL_Driver/Src/stm32h7xx_hal.c.obj
                0x0000000024000008                uwTickFreq
 *fill*         0x0000000024000009        0x3 
 .data.uwTickPrio
                0x000000002400000c        0x4 CMakeFiles/template_stm32_cube.elf.dir/Drivers/STM32H7xx_HAL_Driver/Src/stm32h7xx_hal.c.obj
                0x000000002400000c                uwTickPrio
 .data.impure_data
                0x0000000024000010      0x428 /opt/gcc-arm-none-eabi-10.3-2021.10-x86_64-linux/bin/../lib/gcc/arm-none-eabi/10.3.1/../../../../arm-none-eabi/lib/thumb/v7e-m/nofp/libg.a(lib_a-impure.o)
 .data.__atexit_recursive_mutex
                0x0000000024000438        0x4 /opt/gcc-arm-none-eabi-10.3-2021.10-x86_64-linux/bin/../lib/gcc/arm-none-eabi/10.3.1/../../../../arm-none-eabi/lib/thumb/v7e-m/nofp/libg.a(lib_a-__call_atexit.o)
                0x0000000024000438                __atexit_recursive_mutex
 *(.RamFunc)
 *(.RamFunc*)
                0x000000002400043c                . = ALIGN (0x4)
                0x000000002400043c                _edata = .

.igot.plt       0x000000002400043c        0x0 load address 0x00000000080020a8
 .igot.plt      0x000000002400043c        0x0 /opt/gcc-arm-none-eabi-10.3-2021.10-x86_64-linux/bin/../lib/gcc/arm-none-eabi/10.3.1/thumb/v7e-m/nofp/crtbegin.o
                0x000000002400043c                . = ALIGN (0x4)

.bss            0x000000002400043c       0x24 load address 0x00000000080020a8
                0x000000002400043c                _sbss = .
                0x000000002400043c                __bss_start__ = _sbss
 *(.bss)
 .bss           0x000000002400043c       0x1c /opt/gcc-arm-none-eabi-10.3-2021.10-x86_64-linux/bin/../lib/gcc/arm-none-eabi/10.3.1/thumb/v7e-m/nofp/crtbegin.o
 *(.bss*)
 .bss.uwTick    0x0000000024000458        0x4 CMakeFiles/template_stm32_cube.elf.dir/Drivers/STM32H7xx_HAL_Driver/Src/stm32h7xx_hal.c.obj
                0x0000000024000458                uwTick
 .bss.__lock___atexit_recursive_mutex
                0x000000002400045c        0x1 /opt/gcc-arm-none-eabi-10.3-2021.10-x86_64-linux/bin/../lib/gcc/arm-none-eabi/10.3.1/../../../../arm-none-eabi/lib/thumb/v7e-m/nofp/libg.a(lib_a-lock.o)
                0x000000002400045c                __lock___atexit_recursive_mutex
 *(COMMON)
                0x0000000024000460                . = ALIGN (0x4)
 *fill*         0x000000002400045d        0x3 
                0x0000000024000460                _ebss = .
                0x0000000024000460                __bss_end__ = _ebss

._user_heap_stack
                0x0000000024000460      0x600 load address 0x00000000080020a8
                0x0000000024000460                . = ALIGN (0x8)
                [!provide]                        PROVIDE (end = .)
                0x0000000024000460                PROVIDE (_end = .)
                0x0000000024000660                . = (. + _Min_Heap_Size)
 *fill*         0x0000000024000460      0x200 
                0x0000000024000a60                . = (. + _Min_Stack_Size)
 *fill*         0x0000000024000660      0x400 
                0x0000000024000a60                . = ALIGN (0x8)

/DISCARD/
 libc.a(*)
 libm.a(*)
 libgcc.a(*)

.ARM.attributes
                0x0000000000000000       0x2a
 *(.ARM.attributes)
 .ARM.attributes
                0x0000000000000000       0x1e /opt/gcc-arm-none-eabi-10.3-2021.10-x86_64-linux/bin/../lib/gcc/arm-none-eabi/10.3.1/thumb/v7e-m/nofp/crti.o
 .ARM.attributes
                0x000000000000001e       0x2e /opt/gcc-arm-none-eabi-10.3-2021.10-x86_64-linux/bin/../lib/gcc/arm-none-eabi/10.3.1/thumb/v7e-m/nofp/crtbegin.o
 .ARM.attributes
                0x000000000000004c       0x2e CMakeFiles/template_stm32_cube.elf.dir/Core/Src/gpio.c.obj
 .ARM.attributes
                0x000000000000007a       0x2e CMakeFiles/template_stm32_cube.elf.dir/Core/Src/main.c.obj
 .ARM.attributes
                0x00000000000000a8       0x2e CMakeFiles/template_stm32_cube.elf.dir/Core/Src/stm32h7xx_hal_msp.c.obj
 .ARM.attributes
                0x00000000000000d6       0x2e CMakeFiles/template_stm32_cube.elf.dir/Core/Src/stm32h7xx_it.c.obj
 .ARM.attributes
                0x0000000000000104       0x2e CMakeFiles/template_stm32_cube.elf.dir/Core/Src/system_stm32h7xx.c.obj
 .ARM.attributes
                0x0000000000000132       0x21 CMakeFiles/template_stm32_cube.elf.dir/Core/Startup/startup_stm32h743vitx.s.obj
 .ARM.attributes
                0x0000000000000153       0x2e CMakeFiles/template_stm32_cube.elf.dir/Drivers/STM32H7xx_HAL_Driver/Src/stm32h7xx_hal.c.obj
 .ARM.attributes
                0x0000000000000181       0x2e CMakeFiles/template_stm32_cube.elf.dir/Drivers/STM32H7xx_HAL_Driver/Src/stm32h7xx_hal_cortex.c.obj
 .ARM.attributes
                0x00000000000001af       0x2e CMakeFiles/template_stm32_cube.elf.dir/Drivers/STM32H7xx_HAL_Driver/Src/stm32h7xx_hal_gpio.c.obj
 .ARM.attributes
                0x00000000000001dd       0x2e CMakeFiles/template_stm32_cube.elf.dir/Drivers/STM32H7xx_HAL_Driver/Src/stm32h7xx_hal_pwr_ex.c.obj
 .ARM.attributes
                0x000000000000020b       0x2e CMakeFiles/template_stm32_cube.elf.dir/Drivers/STM32H7xx_HAL_Driver/Src/stm32h7xx_hal_rcc.c.obj
 .ARM.attributes
                0x0000000000000239       0x1e /opt/gcc-arm-none-eabi-10.3-2021.10-x86_64-linux/bin/../lib/gcc/arm-none-eabi/10.3.1/thumb/v7e-m/nofp/libgcc.a(_arm_addsubsf3.o)
 .ARM.attributes
                0x0000000000000257       0x1e /opt/gcc-arm-none-eabi-10.3-2021.10-x86_64-linux/bin/../lib/gcc/arm-none-eabi/10.3.1/thumb/v7e-m/nofp/libgcc.a(_arm_muldivsf3.o)
 .ARM.attributes
                0x0000000000000275       0x1e /opt/gcc-arm-none-eabi-10.3-2021.10-x86_64-linux/bin/../lib/gcc/arm-none-eabi/10.3.1/thumb/v7e-m/nofp/libgcc.a(_arm_fixunssfsi.o)
 .ARM.attributes
                0x0000000000000293       0x2e /opt/gcc-arm-none-eabi-10.3-2021.10-x86_64-linux/bin/../lib/gcc/arm-none-eabi/10.3.1/../../../../arm-none-eabi/lib/thumb/v7e-m/nofp/libg.a(lib_a-impure.o)
 .ARM.attributes
                0x00000000000002c1       0x2e /opt/gcc-arm-none-eabi-10.3-2021.10-x86_64-linux/bin/../lib/gcc/arm-none-eabi/10.3.1/../../../../arm-none-eabi/lib/thumb/v7e-m/nofp/libg.a(lib_a-init.o)
 .ARM.attributes
                0x00000000000002ef       0x2e /opt/gcc-arm-none-eabi-10.3-2021.10-x86_64-linux/bin/../lib/gcc/arm-none-eabi/10.3.1/../../../../arm-none-eabi/lib/thumb/v7e-m/nofp/libg.a(lib_a-memset.o)
 .ARM.attributes
                0x000000000000031d       0x2e /opt/gcc-arm-none-eabi-10.3-2021.10-x86_64-linux/bin/../lib/gcc/arm-none-eabi/10.3.1/../../../../arm-none-eabi/lib/thumb/v7e-m/nofp/libg.a(lib_a-__call_atexit.o)
 .ARM.attributes
                0x000000000000034b       0x2e /opt/gcc-arm-none-eabi-10.3-2021.10-x86_64-linux/bin/../lib/gcc/arm-none-eabi/10.3.1/../../../../arm-none-eabi/lib/thumb/v7e-m/nofp/libg.a(lib_a-atexit.o)
 .ARM.attributes
                0x0000000000000379       0x2e /opt/gcc-arm-none-eabi-10.3-2021.10-x86_64-linux/bin/../lib/gcc/arm-none-eabi/10.3.1/../../../../arm-none-eabi/lib/thumb/v7e-m/nofp/libg.a(lib_a-fini.o)
 .ARM.attributes
                0x00000000000003a7       0x2e /opt/gcc-arm-none-eabi-10.3-2021.10-x86_64-linux/bin/../lib/gcc/arm-none-eabi/10.3.1/../../../../arm-none-eabi/lib/thumb/v7e-m/nofp/libg.a(lib_a-lock.o)
 .ARM.attributes
                0x00000000000003d5       0x2e /opt/gcc-arm-none-eabi-10.3-2021.10-x86_64-linux/bin/../lib/gcc/arm-none-eabi/10.3.1/../../../../arm-none-eabi/lib/thumb/v7e-m/nofp/libg.a(lib_a-__atexit.o)
 .ARM.attributes
                0x0000000000000403       0x1e /opt/gcc-arm-none-eabi-10.3-2021.10-x86_64-linux/bin/../lib/gcc/arm-none-eabi/10.3.1/thumb/v7e-m/nofp/crtn.o
OUTPUT(template_stm32_cube.elf elf32-littlearm)
LOAD linker stubs
LOAD /opt/gcc-arm-none-eabi-10.3-2021.10-x86_64-linux/bin/../lib/gcc/arm-none-eabi/10.3.1/../../../../arm-none-eabi/lib/thumb/v7e-m/nofp/libc.a
LOAD /opt/gcc-arm-none-eabi-10.3-2021.10-x86_64-linux/bin/../lib/gcc/arm-none-eabi/10.3.1/../../../../arm-none-eabi/lib/thumb/v7e-m/nofp/libm.a
LOAD /opt/gcc-arm-none-eabi-10.3-2021.10-x86_64-linux/bin/../lib/gcc/arm-none-eabi/10.3.1/thumb/v7e-m/nofp/libgcc.a

.debug_info     0x0000000000000000     0x7dae
 .debug_info    0x0000000000000000      0x674 CMakeFiles/template_stm32_cube.elf.dir/Core/Src/gpio.c.obj
 .debug_info    0x0000000000000674      0x840 CMakeFiles/template_stm32_cube.elf.dir/Core/Src/main.c.obj
 .debug_info    0x0000000000000eb4      0x4a0 CMakeFiles/template_stm32_cube.elf.dir/Core/Src/stm32h7xx_hal_msp.c.obj
 .debug_info    0x0000000000001354      0x160 CMakeFiles/template_stm32_cube.elf.dir/Core/Src/stm32h7xx_it.c.obj
 .debug_info    0x00000000000014b4      0xaf5 CMakeFiles/template_stm32_cube.elf.dir/Core/Src/system_stm32h7xx.c.obj
 .debug_info    0x0000000000001fa9       0x22 CMakeFiles/template_stm32_cube.elf.dir/Core/Startup/startup_stm32h743vitx.s.obj
 .debug_info    0x0000000000001fcb     0x16a0 CMakeFiles/template_stm32_cube.elf.dir/Drivers/STM32H7xx_HAL_Driver/Src/stm32h7xx_hal.c.obj
 .debug_info    0x000000000000366b     0x13ea CMakeFiles/template_stm32_cube.elf.dir/Drivers/STM32H7xx_HAL_Driver/Src/stm32h7xx_hal_cortex.c.obj
 .debug_info    0x0000000000004a55      0xd66 CMakeFiles/template_stm32_cube.elf.dir/Drivers/STM32H7xx_HAL_Driver/Src/stm32h7xx_hal_gpio.c.obj
 .debug_info    0x00000000000057bb     0x122e CMakeFiles/template_stm32_cube.elf.dir/Drivers/STM32H7xx_HAL_Driver/Src/stm32h7xx_hal_pwr_ex.c.obj
 .debug_info    0x00000000000069e9     0x13c5 CMakeFiles/template_stm32_cube.elf.dir/Drivers/STM32H7xx_HAL_Driver/Src/stm32h7xx_hal_rcc.c.obj

.debug_abbrev   0x0000000000000000     0x137e
 .debug_abbrev  0x0000000000000000      0x181 CMakeFiles/template_stm32_cube.elf.dir/Core/Src/gpio.c.obj
 .debug_abbrev  0x0000000000000181      0x1f3 CMakeFiles/template_stm32_cube.elf.dir/Core/Src/main.c.obj
 .debug_abbrev  0x0000000000000374       0xd7 CMakeFiles/template_stm32_cube.elf.dir/Core/Src/stm32h7xx_hal_msp.c.obj
 .debug_abbrev  0x000000000000044b       0x7e CMakeFiles/template_stm32_cube.elf.dir/Core/Src/stm32h7xx_it.c.obj
 .debug_abbrev  0x00000000000004c9      0x162 CMakeFiles/template_stm32_cube.elf.dir/Core/Src/system_stm32h7xx.c.obj
 .debug_abbrev  0x000000000000062b       0x12 CMakeFiles/template_stm32_cube.elf.dir/Core/Startup/startup_stm32h743vitx.s.obj
 .debug_abbrev  0x000000000000063d      0x264 CMakeFiles/template_stm32_cube.elf.dir/Drivers/STM32H7xx_HAL_Driver/Src/stm32h7xx_hal.c.obj
 .debug_abbrev  0x00000000000008a1      0x37d CMakeFiles/template_stm32_cube.elf.dir/Drivers/STM32H7xx_HAL_Driver/Src/stm32h7xx_hal_cortex.c.obj
 .debug_abbrev  0x0000000000000c1e      0x239 CMakeFiles/template_stm32_cube.elf.dir/Drivers/STM32H7xx_HAL_Driver/Src/stm32h7xx_hal_gpio.c.obj
 .debug_abbrev  0x0000000000000e57      0x29b CMakeFiles/template_stm32_cube.elf.dir/Drivers/STM32H7xx_HAL_Driver/Src/stm32h7xx_hal_pwr_ex.c.obj
 .debug_abbrev  0x00000000000010f2      0x28c CMakeFiles/template_stm32_cube.elf.dir/Drivers/STM32H7xx_HAL_Driver/Src/stm32h7xx_hal_rcc.c.obj

.debug_aranges  0x0000000000000000      0x5a0
 .debug_aranges
                0x0000000000000000       0x20 CMakeFiles/template_stm32_cube.elf.dir/Core/Src/gpio.c.obj
 .debug_aranges
                0x0000000000000020       0x30 CMakeFiles/template_stm32_cube.elf.dir/Core/Src/main.c.obj
 .debug_aranges
                0x0000000000000050       0x20 CMakeFiles/template_stm32_cube.elf.dir/Core/Src/stm32h7xx_hal_msp.c.obj
 .debug_aranges
                0x0000000000000070       0x60 CMakeFiles/template_stm32_cube.elf.dir/Core/Src/stm32h7xx_it.c.obj
 .debug_aranges
                0x00000000000000d0       0x28 CMakeFiles/template_stm32_cube.elf.dir/Core/Src/system_stm32h7xx.c.obj
 .debug_aranges
                0x00000000000000f8       0x28 CMakeFiles/template_stm32_cube.elf.dir/Core/Startup/startup_stm32h743vitx.s.obj
 .debug_aranges
                0x0000000000000120      0x198 CMakeFiles/template_stm32_cube.elf.dir/Drivers/STM32H7xx_HAL_Driver/Src/stm32h7xx_hal.c.obj
 .debug_aranges
                0x00000000000002b8       0xb0 CMakeFiles/template_stm32_cube.elf.dir/Drivers/STM32H7xx_HAL_Driver/Src/stm32h7xx_hal_cortex.c.obj
 .debug_aranges
                0x0000000000000368       0x58 CMakeFiles/template_stm32_cube.elf.dir/Drivers/STM32H7xx_HAL_Driver/Src/stm32h7xx_hal_gpio.c.obj
 .debug_aranges
                0x00000000000003c0      0x158 CMakeFiles/template_stm32_cube.elf.dir/Drivers/STM32H7xx_HAL_Driver/Src/stm32h7xx_hal_pwr_ex.c.obj
 .debug_aranges
                0x0000000000000518       0x88 CMakeFiles/template_stm32_cube.elf.dir/Drivers/STM32H7xx_HAL_Driver/Src/stm32h7xx_hal_rcc.c.obj

.debug_ranges   0x0000000000000000      0x628
 .debug_ranges  0x0000000000000000       0x10 CMakeFiles/template_stm32_cube.elf.dir/Core/Src/gpio.c.obj
 .debug_ranges  0x0000000000000010       0x20 CMakeFiles/template_stm32_cube.elf.dir/Core/Src/main.c.obj
 .debug_ranges  0x0000000000000030       0x10 CMakeFiles/template_stm32_cube.elf.dir/Core/Src/stm32h7xx_hal_msp.c.obj
 .debug_ranges  0x0000000000000040       0x50 CMakeFiles/template_stm32_cube.elf.dir/Core/Src/stm32h7xx_it.c.obj
 .debug_ranges  0x0000000000000090       0x18 CMakeFiles/template_stm32_cube.elf.dir/Core/Src/system_stm32h7xx.c.obj
 .debug_ranges  0x00000000000000a8       0x20 CMakeFiles/template_stm32_cube.elf.dir/Core/Startup/startup_stm32h743vitx.s.obj
 .debug_ranges  0x00000000000000c8      0x188 CMakeFiles/template_stm32_cube.elf.dir/Drivers/STM32H7xx_HAL_Driver/Src/stm32h7xx_hal.c.obj
 .debug_ranges  0x0000000000000250      0x100 CMakeFiles/template_stm32_cube.elf.dir/Drivers/STM32H7xx_HAL_Driver/Src/stm32h7xx_hal_cortex.c.obj
 .debug_ranges  0x0000000000000350       0x48 CMakeFiles/template_stm32_cube.elf.dir/Drivers/STM32H7xx_HAL_Driver/Src/stm32h7xx_hal_gpio.c.obj
 .debug_ranges  0x0000000000000398      0x1a8 CMakeFiles/template_stm32_cube.elf.dir/Drivers/STM32H7xx_HAL_Driver/Src/stm32h7xx_hal_pwr_ex.c.obj
 .debug_ranges  0x0000000000000540       0xe8 CMakeFiles/template_stm32_cube.elf.dir/Drivers/STM32H7xx_HAL_Driver/Src/stm32h7xx_hal_rcc.c.obj

.debug_line     0x0000000000000000     0x4673
 .debug_line    0x0000000000000000      0x242 CMakeFiles/template_stm32_cube.elf.dir/Core/Src/gpio.c.obj
 .debug_line    0x0000000000000242      0x428 CMakeFiles/template_stm32_cube.elf.dir/Core/Src/main.c.obj
 .debug_line    0x000000000000066a      0x1b0 CMakeFiles/template_stm32_cube.elf.dir/Core/Src/stm32h7xx_hal_msp.c.obj
 .debug_line    0x000000000000081a      0x1ef CMakeFiles/template_stm32_cube.elf.dir/Core/Src/stm32h7xx_it.c.obj
 .debug_line    0x0000000000000a09      0x45a CMakeFiles/template_stm32_cube.elf.dir/Core/Src/system_stm32h7xx.c.obj
 .debug_line    0x0000000000000e63       0xb5 CMakeFiles/template_stm32_cube.elf.dir/Core/Startup/startup_stm32h743vitx.s.obj
 .debug_line    0x0000000000000f18      0x978 CMakeFiles/template_stm32_cube.elf.dir/Drivers/STM32H7xx_HAL_Driver/Src/stm32h7xx_hal.c.obj
 .debug_line    0x0000000000001890      0x843 CMakeFiles/template_stm32_cube.elf.dir/Drivers/STM32H7xx_HAL_Driver/Src/stm32h7xx_hal_cortex.c.obj
 .debug_line    0x00000000000020d3      0x73f CMakeFiles/template_stm32_cube.elf.dir/Drivers/STM32H7xx_HAL_Driver/Src/stm32h7xx_hal_gpio.c.obj
 .debug_line    0x0000000000002812      0xb38 CMakeFiles/template_stm32_cube.elf.dir/Drivers/STM32H7xx_HAL_Driver/Src/stm32h7xx_hal_pwr_ex.c.obj
 .debug_line    0x000000000000334a     0x1329 CMakeFiles/template_stm32_cube.elf.dir/Drivers/STM32H7xx_HAL_Driver/Src/stm32h7xx_hal_rcc.c.obj

.debug_str      0x0000000000000000     0x2987
 .debug_str     0x0000000000000000      0x4a2 CMakeFiles/template_stm32_cube.elf.dir/Core/Src/gpio.c.obj
                                        0x503 (size before relaxing)
 .debug_str     0x00000000000004a2      0x323 CMakeFiles/template_stm32_cube.elf.dir/Core/Src/main.c.obj
                                        0x5b3 (size before relaxing)
 .debug_str     0x00000000000007c5       0x59 CMakeFiles/template_stm32_cube.elf.dir/Core/Src/stm32h7xx_hal_msp.c.obj
                                        0x452 (size before relaxing)
 .debug_str     0x000000000000081e       0xfb CMakeFiles/template_stm32_cube.elf.dir/Core/Src/stm32h7xx_it.c.obj
                                        0x2b6 (size before relaxing)
 .debug_str     0x0000000000000919      0x2ba CMakeFiles/template_stm32_cube.elf.dir/Core/Src/system_stm32h7xx.c.obj
                                        0x6c8 (size before relaxing)
 .debug_str     0x0000000000000bd3       0x63 CMakeFiles/template_stm32_cube.elf.dir/Core/Startup/startup_stm32h743vitx.s.obj
                                         0xb7 (size before relaxing)
 .debug_str     0x0000000000000c36      0xf6b CMakeFiles/template_stm32_cube.elf.dir/Drivers/STM32H7xx_HAL_Driver/Src/stm32h7xx_hal.c.obj
                                       0x1510 (size before relaxing)
 .debug_str     0x0000000000001ba1      0x5a5 CMakeFiles/template_stm32_cube.elf.dir/Drivers/STM32H7xx_HAL_Driver/Src/stm32h7xx_hal_cortex.c.obj
                                       0x10a8 (size before relaxing)
 .debug_str     0x0000000000002146      0x12a CMakeFiles/template_stm32_cube.elf.dir/Drivers/STM32H7xx_HAL_Driver/Src/stm32h7xx_hal_gpio.c.obj
                                        0x734 (size before relaxing)
 .debug_str     0x0000000000002270      0x581 CMakeFiles/template_stm32_cube.elf.dir/Drivers/STM32H7xx_HAL_Driver/Src/stm32h7xx_hal_pwr_ex.c.obj
                                        0xaa9 (size before relaxing)
 .debug_str     0x00000000000027f1      0x196 CMakeFiles/template_stm32_cube.elf.dir/Drivers/STM32H7xx_HAL_Driver/Src/stm32h7xx_hal_rcc.c.obj
                                        0xabc (size before relaxing)

.comment        0x0000000000000000       0x49
 .comment       0x0000000000000000       0x49 CMakeFiles/template_stm32_cube.elf.dir/Core/Src/gpio.c.obj
                                         0x4a (size before relaxing)
 .comment       0x0000000000000049       0x4a CMakeFiles/template_stm32_cube.elf.dir/Core/Src/main.c.obj
 .comment       0x0000000000000049       0x4a CMakeFiles/template_stm32_cube.elf.dir/Core/Src/stm32h7xx_hal_msp.c.obj
 .comment       0x0000000000000049       0x4a CMakeFiles/template_stm32_cube.elf.dir/Core/Src/stm32h7xx_it.c.obj
 .comment       0x0000000000000049       0x4a CMakeFiles/template_stm32_cube.elf.dir/Core/Src/system_stm32h7xx.c.obj
 .comment       0x0000000000000049       0x4a CMakeFiles/template_stm32_cube.elf.dir/Drivers/STM32H7xx_HAL_Driver/Src/stm32h7xx_hal.c.obj
 .comment       0x0000000000000049       0x4a CMakeFiles/template_stm32_cube.elf.dir/Drivers/STM32H7xx_HAL_Driver/Src/stm32h7xx_hal_cortex.c.obj
 .comment       0x0000000000000049       0x4a CMakeFiles/template_stm32_cube.elf.dir/Drivers/STM32H7xx_HAL_Driver/Src/stm32h7xx_hal_gpio.c.obj
 .comment       0x0000000000000049       0x4a CMakeFiles/template_stm32_cube.elf.dir/Drivers/STM32H7xx_HAL_Driver/Src/stm32h7xx_hal_pwr_ex.c.obj
 .comment       0x0000000000000049       0x4a CMakeFiles/template_stm32_cube.elf.dir/Drivers/STM32H7xx_HAL_Driver/Src/stm32h7xx_hal_rcc.c.obj

.debug_frame    0x0000000000000000      0xe38
 .debug_frame   0x0000000000000000       0x30 CMakeFiles/template_stm32_cube.elf.dir/Core/Src/gpio.c.obj
 .debug_frame   0x0000000000000030       0x58 CMakeFiles/template_stm32_cube.elf.dir/Core/Src/main.c.obj
 .debug_frame   0x0000000000000088       0x28 CMakeFiles/template_stm32_cube.elf.dir/Core/Src/stm32h7xx_hal_msp.c.obj
 .debug_frame   0x00000000000000b0       0xb0 CMakeFiles/template_stm32_cube.elf.dir/Core/Src/stm32h7xx_it.c.obj
 .debug_frame   0x0000000000000160       0x40 CMakeFiles/template_stm32_cube.elf.dir/Core/Src/system_stm32h7xx.c.obj
 .debug_frame   0x00000000000001a0      0x360 CMakeFiles/template_stm32_cube.elf.dir/Drivers/STM32H7xx_HAL_Driver/Src/stm32h7xx_hal.c.obj
 .debug_frame   0x0000000000000500      0x158 CMakeFiles/template_stm32_cube.elf.dir/Drivers/STM32H7xx_HAL_Driver/Src/stm32h7xx_hal_cortex.c.obj
 .debug_frame   0x0000000000000658       0xd0 CMakeFiles/template_stm32_cube.elf.dir/Drivers/STM32H7xx_HAL_Driver/Src/stm32h7xx_hal_gpio.c.obj
 .debug_frame   0x0000000000000728      0x2f4 CMakeFiles/template_stm32_cube.elf.dir/Drivers/STM32H7xx_HAL_Driver/Src/stm32h7xx_hal_pwr_ex.c.obj
 .debug_frame   0x0000000000000a1c      0x188 CMakeFiles/template_stm32_cube.elf.dir/Drivers/STM32H7xx_HAL_Driver/Src/stm32h7xx_hal_rcc.c.obj
 .debug_frame   0x0000000000000ba4       0x4c /opt/gcc-arm-none-eabi-10.3-2021.10-x86_64-linux/bin/../lib/gcc/arm-none-eabi/10.3.1/thumb/v7e-m/nofp/libgcc.a(_arm_addsubsf3.o)
 .debug_frame   0x0000000000000bf0       0x38 /opt/gcc-arm-none-eabi-10.3-2021.10-x86_64-linux/bin/../lib/gcc/arm-none-eabi/10.3.1/thumb/v7e-m/nofp/libgcc.a(_arm_muldivsf3.o)
 .debug_frame   0x0000000000000c28       0x24 /opt/gcc-arm-none-eabi-10.3-2021.10-x86_64-linux/bin/../lib/gcc/arm-none-eabi/10.3.1/thumb/v7e-m/nofp/libgcc.a(_arm_fixunssfsi.o)
 .debug_frame   0x0000000000000c4c       0x2c /opt/gcc-arm-none-eabi-10.3-2021.10-x86_64-linux/bin/../lib/gcc/arm-none-eabi/10.3.1/../../../../arm-none-eabi/lib/thumb/v7e-m/nofp/libg.a(lib_a-init.o)
 .debug_frame   0x0000000000000c78       0x2c /opt/gcc-arm-none-eabi-10.3-2021.10-x86_64-linux/bin/../lib/gcc/arm-none-eabi/10.3.1/../../../../arm-none-eabi/lib/thumb/v7e-m/nofp/libg.a(lib_a-memset.o)
 .debug_frame   0x0000000000000ca4       0x5c /opt/gcc-arm-none-eabi-10.3-2021.10-x86_64-linux/bin/../lib/gcc/arm-none-eabi/10.3.1/../../../../arm-none-eabi/lib/thumb/v7e-m/nofp/libg.a(lib_a-__call_atexit.o)
 .debug_frame   0x0000000000000d00       0x20 /opt/gcc-arm-none-eabi-10.3-2021.10-x86_64-linux/bin/../lib/gcc/arm-none-eabi/10.3.1/../../../../arm-none-eabi/lib/thumb/v7e-m/nofp/libg.a(lib_a-atexit.o)
 .debug_frame   0x0000000000000d20       0x34 /opt/gcc-arm-none-eabi-10.3-2021.10-x86_64-linux/bin/../lib/gcc/arm-none-eabi/10.3.1/../../../../arm-none-eabi/lib/thumb/v7e-m/nofp/libg.a(lib_a-fini.o)
 .debug_frame   0x0000000000000d54       0xb0 /opt/gcc-arm-none-eabi-10.3-2021.10-x86_64-linux/bin/../lib/gcc/arm-none-eabi/10.3.1/../../../../arm-none-eabi/lib/thumb/v7e-m/nofp/libg.a(lib_a-lock.o)
 .debug_frame   0x0000000000000e04       0x34 /opt/gcc-arm-none-eabi-10.3-2021.10-x86_64-linux/bin/../lib/gcc/arm-none-eabi/10.3.1/../../../../arm-none-eabi/lib/thumb/v7e-m/nofp/libg.a(lib_a-__atexit.o)

.debug_loc      0x0000000000000000     0x1f79
 .debug_loc     0x0000000000000000      0x21e CMakeFiles/template_stm32_cube.elf.dir/Core/Src/system_stm32h7xx.c.obj
 .debug_loc     0x000000000000021e      0x3fa CMakeFiles/template_stm32_cube.elf.dir/Drivers/STM32H7xx_HAL_Driver/Src/stm32h7xx_hal.c.obj
 .debug_loc     0x0000000000000618      0x726 CMakeFiles/template_stm32_cube.elf.dir/Drivers/STM32H7xx_HAL_Driver/Src/stm32h7xx_hal_cortex.c.obj
 .debug_loc     0x0000000000000d3e      0x3c6 CMakeFiles/template_stm32_cube.elf.dir/Drivers/STM32H7xx_HAL_Driver/Src/stm32h7xx_hal_gpio.c.obj
 .debug_loc     0x0000000000001104      0x4df CMakeFiles/template_stm32_cube.elf.dir/Drivers/STM32H7xx_HAL_Driver/Src/stm32h7xx_hal_pwr_ex.c.obj
 .debug_loc     0x00000000000015e3      0x996 CMakeFiles/template_stm32_cube.elf.dir/Drivers/STM32H7xx_HAL_Driver/Src/stm32h7xx_hal_rcc.c.obj
